testing
testing2
ad{}cd{}
4
abasdfcbasdf2
b{}c
ab()cb()
