class typing works
number typing works
string typing works
list type works
dict type works
